// Jest Snapshot v1, https://goo.gl/fbAQLP

exports[`first snapshot test 1`] = `
<nav
  className="sc-bdfBwQ dgOyCB"
>
  <h2>
    Math Magicians
  </h2>
  <a
    href="/"
    onClick={[Function]}
  >
    Home
  </a>
  <span>
    |
  </span>
  <a
    href="/calculator"
    onClick={[Function]}
  >
    Calculator
  </a>
  <span>
    |
  </span>
  <a
    href="/quote"
    onClick={[Function]}
  >
    Quote
  </a>
</nav>
`;
