// Jest Snapshot v1, https://goo.gl/fbAQLP

exports[`first snapshot test 1`] = `
Array [
  <nav
    className="sc-gsTCUz koSCwl"
  >
    <h2>
      Math Magicians
    </h2>
    <a
      href="/"
      onClick={[Function]}
    >
      Home
    </a>
    <span>
      |
    </span>
    <a
      href="/calculator"
      onClick={[Function]}
    >
      Calculator
    </a>
    <span>
      |
    </span>
    <a
      href="/quote"
      onClick={[Function]}
    >
      Quote
    </a>
  </nav>,
  <p
    className="sc-bdfBwQ iprfVM"
  >
    Mathematics is not about numbers, equations, computations or algorithms: it is about understanding. - William Paul Thurston
  </p>,
]
`;
